﻿node : [33m9:56:14 PM [vite-plugin-svelte] E:/ACTIVE PROJECTS-PIPELINE/ACTIVE 
PROJECTS-PIPELINE/AdventureLog-kupri-main/AdventureLog/frontend/src/routes/glob
e/+page.svelte:35:1 A11y: Non-interactive element <div> should not be assigned 
mouse or keyboard event listeners.[39m
At line:1 char:123
+ ... VERCEL="1"; node node_modules/vite/bin/vite.js build 2>build-errors.t ...
+                 ~~~~~~~~~~~~~~~~~~~~~~~~~~~~~~~~~~~~~~~~~~~~~~~~~~~~~~~~~
    + CategoryInfo          : NotSpecified: ([33m9:56:14 PM...listeners.[39m 
   :String) [], RemoteException
    + FullyQualifiedErrorId : NativeCommandError
 
33: <!-- Add-location modal -->
34: {#if addModalOpen && pendingLat !== null && pendingLon !== null}
35:   <div
      ^
36:     class="modal-backdrop"
37:     role="dialog"
[33m9:57:29 PM [vite-plugin-svelte] E:/ACTIVE PROJECTS-PIPELINE/ACTIVE PROJECT
S-PIPELINE/AdventureLog-kupri-main/AdventureLog/frontend/src/lib/components/car
ds/CountryCard.svelte:64:1 Unused CSS selector ".truncate"[39m
62: 
63: <style>
64:   .truncate {
      ^
65:     overflow: hidden;
66:     text-overflow: ellipsis;
[33m9:57:32 PM [vite-plugin-svelte] E:/ACTIVE PROJECTS-PIPELINE/ACTIVE PROJECT
S-PIPELINE/AdventureLog-kupri-main/AdventureLog/frontend/src/lib/components/car
ds/RegionCard.svelte:91:1 Unused CSS selector ".truncate"[39m
89: 
90: <style>
91:   .truncate {
      ^
92:     overflow: hidden;
93:     text-overflow: ellipsis;
[33m9:57:34 PM [vite-plugin-svelte] E:/ACTIVE PROJECTS-PIPELINE/ACTIVE PROJECT
S-PIPELINE/AdventureLog-kupri-main/AdventureLog/frontend/src/lib/components/Col
lectionRecommendationView.svelte:316:6 A11y: A form label must be associated 
with a control.[39m
314:         {#if locationsWithCoords.length > 0}
315:           <div class="form-control">
316:             <label class="label">
                 ^
317:               <span class="label-text font-semibold"
318:                 >{$t('recomendations.search_around_location')}</span
[33m9:57:34 PM [vite-plugin-svelte] E:/ACTIVE PROJECTS-PIPELINE/ACTIVE PROJECT
S-PIPELINE/AdventureLog-kupri-main/AdventureLog/frontend/src/lib/components/Col
lectionRecommendationView.svelte:332:5 A11y: A form label must be associated 
with a control.[39m
330:         <!-- Search Input -->
331:         <div class="form-control">
332:           <label class="label">
               ^
333:             <span class="label-text 
font-semibold">{$t('recomendations.search_by_address')}</span>
334:           </label>
[33m9:57:34 PM [vite-plugin-svelte] E:/ACTIVE PROJECTS-PIPELINE/ACTIVE PROJECT
S-PIPELINE/AdventureLog-kupri-main/AdventureLog/frontend/src/lib/components/Col
lectionRecommendationView.svelte:347:5 A11y: A form label must be associated 
with a control.[39m
345:         <!-- Category Selector -->
346:         <div class="form-control">
347:           <label class="label">
               ^
348:             <span class="label-text 
font-semibold">{$t('adventures.category')}</span>
349:           </label>
[33m9:57:34 PM [vite-plugin-svelte] E:/ACTIVE PROJECTS-PIPELINE/ACTIVE PROJECT
S-PIPELINE/AdventureLog-kupri-main/AdventureLog/frontend/src/lib/components/Col
lectionRecommendationView.svelte:359:5 A11y: A form label must be associated 
with a control.[39m
357:         <!-- Radius Selector -->
358:         <div class="form-control">
359:           <label class="label">
               ^
360:             <span class="label-text font-semibold"
361:               >{$t('recomendations.search_radius_label')} 
{radiusDisplay}</span
[33m9:57:34 PM [vite-plugin-svelte] E:/ACTIVE PROJECTS-PIPELINE/ACTIVE PROJECT
S-PIPELINE/AdventureLog-kupri-main/AdventureLog/frontend/src/lib/components/Col
lectionRecommendationView.svelte:394:6 A11y: A form label must be associated 
with a control.[39m
392:         <div class="grid grid-cols-1 md:grid-cols-3 gap-4">
393:           <div class="form-control">
394:             <label class="label">
                 ^
395:               <span 
class="label-text">{$t('recomendations.minimum_rating')}</span>
396:             </label>
node_modules/@sveltejs/kit/src/runtime/client/client.js (6:23): "untrack" is 
not exported by "node_modules/svelte/src/runtime/ssr.js", imported by 
"node_modules/@sveltejs/kit/src/runtime/client/client.js".
node_modules/@sveltejs/kit/src/runtime/client/client.js (333:26): "fork" is 
not exported by "node_modules/svelte/src/runtime/ssr.js", imported by 
"node_modules/@sveltejs/kit/src/runtime/client/client.js".
node_modules/@sveltejs/kit/src/runtime/client/client.js (1170:30): "settled" 
is not exported by "node_modules/svelte/src/runtime/ssr.js", imported by 
"node_modules/@sveltejs/kit/src/runtime/client/client.js".
[33m10:24:28 PM [vite-plugin-svelte] E:/ACTIVE PROJECTS-PIPELINE/ACTIVE PROJEC
TS-PIPELINE/AdventureLog-kupri-main/AdventureLog/frontend/src/lib/components/Co
llectionRecommendationView.svelte:316:6 A11y: A form label must be associated 
with a control.[39m
314:         {#if locationsWithCoords.length > 0}
315:           <div class="form-control">
316:             <label class="label">
                 ^
317:               <span class="label-text font-semibold"
318:                 >{$t('recomendations.search_around_location')}</span
[33m10:24:28 PM [vite-plugin-svelte] E:/ACTIVE PROJECTS-PIPELINE/ACTIVE PROJEC
TS-PIPELINE/AdventureLog-kupri-main/AdventureLog/frontend/src/lib/components/Co
llectionRecommendationView.svelte:332:5 A11y: A form label must be associated 
with a control.[39m
330:         <!-- Search Input -->
331:         <div class="form-control">
332:           <label class="label">
               ^
333:             <span class="label-text 
font-semibold">{$t('recomendations.search_by_address')}</span>
334:           </label>
[33m10:24:28 PM [vite-plugin-svelte] E:/ACTIVE PROJECTS-PIPELINE/ACTIVE PROJEC
TS-PIPELINE/AdventureLog-kupri-main/AdventureLog/frontend/src/lib/components/Co
llectionRecommendationView.svelte:347:5 A11y: A form label must be associated 
with a control.[39m
345:         <!-- Category Selector -->
346:         <div class="form-control">
347:           <label class="label">
               ^
348:             <span class="label-text 
font-semibold">{$t('adventures.category')}</span>
349:           </label>
[33m10:24:28 PM [vite-plugin-svelte] E:/ACTIVE PROJECTS-PIPELINE/ACTIVE PROJEC
TS-PIPELINE/AdventureLog-kupri-main/AdventureLog/frontend/src/lib/components/Co
llectionRecommendationView.svelte:359:5 A11y: A form label must be associated 
with a control.[39m
357:         <!-- Radius Selector -->
358:         <div class="form-control">
359:           <label class="label">
               ^
360:             <span class="label-text font-semibold"
361:               >{$t('recomendations.search_radius_label')} 
{radiusDisplay}</span
[33m10:24:28 PM [vite-plugin-svelte] E:/ACTIVE PROJECTS-PIPELINE/ACTIVE PROJEC
TS-PIPELINE/AdventureLog-kupri-main/AdventureLog/frontend/src/lib/components/Co
llectionRecommendationView.svelte:394:6 A11y: A form label must be associated 
with a control.[39m
392:         <div class="grid grid-cols-1 md:grid-cols-3 gap-4">
393:           <div class="form-control">
394:             <label class="label">
                 ^
395:               <span 
class="label-text">{$t('recomendations.minimum_rating')}</span>
396:             </label>
[33m10:25:28 PM [vite-plugin-svelte] E:/ACTIVE PROJECTS-PIPELINE/ACTIVE PROJEC
TS-PIPELINE/AdventureLog-kupri-main/AdventureLog/frontend/src/routes/globe/+pag
e.svelte:35:1 A11y: Non-interactive element <div> should not be assigned mouse 
or keyboard event listeners.[39m
33: <!-- Add-location modal -->
34: {#if addModalOpen && pendingLat !== null && pendingLon !== null}
35:   <div
      ^
36:     class="modal-backdrop"
37:     role="dialog"
[33m10:25:28 PM [vite-plugin-svelte] E:/ACTIVE PROJECTS-PIPELINE/ACTIVE PROJEC
TS-PIPELINE/AdventureLog-kupri-main/AdventureLog/frontend/src/lib/components/ca
rds/CountryCard.svelte:64:1 Unused CSS selector ".truncate"[39m
62: 
63: <style>
64:   .truncate {
      ^
65:     overflow: hidden;
66:     text-overflow: ellipsis;
[33m10:25:28 PM [vite-plugin-svelte] E:/ACTIVE PROJECTS-PIPELINE/ACTIVE PROJEC
TS-PIPELINE/AdventureLog-kupri-main/AdventureLog/frontend/src/lib/components/ca
rds/RegionCard.svelte:91:1 Unused CSS selector ".truncate"[39m
89: 
90: <style>
91:   .truncate {
      ^
92:     overflow: hidden;
93:     text-overflow: ellipsis;
node_modules/@sveltejs/kit/src/runtime/client/client.js (5:23): "untrack" is 
not exported by "node_modules/svelte/src/runtime/index.js", imported by 
"node_modules/@sveltejs/kit/src/runtime/client/client.js".
node_modules/@sveltejs/kit/src/runtime/client/client.js (332:26): "fork" is 
not exported by "node_modules/svelte/src/runtime/index.js", imported by 
"node_modules/@sveltejs/kit/src/runtime/client/client.js".
node_modules/@sveltejs/kit/src/runtime/client/client.js (1169:30): "settled" 
is not exported by "node_modules/svelte/src/runtime/index.js", imported by 
"node_modules/@sveltejs/kit/src/runtime/client/client.js".
[33m
(!) Some chunks are larger than 500 kB after minification. Consider:
- Using dynamic import() to code-split the application
- Use build.rollupOptions.output.manualChunks to improve chunking: 
https://rollupjs.org/configuration-options/#output-manualchunks
- Adjust chunk size limit for this warning via 
build.chunkSizeWarningLimit.[39m
[31merror during build:
Error: EISDIR: illegal operation on a directory, readlink 'E:\ACTIVE 
PROJECTS-PIPELINE\ACTIVE PROJECTS-PIPELINE\AdventureLog-kupri-main\AdventureLog
\frontend\.svelte-kit\vercel-tmp\index.js'
    at async readlink (node:internal/fs/promises:971:10)
    at async CachedFileSystem._internalReadlink (E:\ACTIVE 
PROJECTS-PIPELINE\ACTIVE PROJECTS-PIPELINE\AdventureLog-kupri-main\AdventureLog
\frontend\node_modules\@vercel\nft\out\fs.js:61:26)
    at async Job.realpath (E:\ACTIVE PROJECTS-PIPELINE\ACTIVE PROJECTS-PIPELINE
\AdventureLog-kupri-main\AdventureLog\frontend\node_modules\@vercel\nft\out\nod
e-file-trace.js:242:25)
    at async Job.emitFile (E:\ACTIVE PROJECTS-PIPELINE\ACTIVE PROJECTS-PIPELINE
\AdventureLog-kupri-main\AdventureLog\frontend\node_modules\@vercel\nft\out\nod
e-file-trace.js:259:20)
    at async E:\ACTIVE PROJECTS-PIPELINE\ACTIVE PROJECTS-PIPELINE\AdventureLog-
kupri-main\AdventureLog\frontend\node_modules\@vercel\nft\out\node-file-trace.j
s:64:9
    at async Promise.all (index 0)
    at async nodeFileTrace (E:\ACTIVE PROJECTS-PIPELINE\ACTIVE PROJECTS-PIPELIN
E\AdventureLog-kupri-main\AdventureLog\frontend\node_modules\@vercel\nft\out\no
de-file-trace.js:62:5)
    at async create_function_bundle (file:///E:/ACTIVE%20PROJECTS-PIPELINE/ACTI
VE%20PROJECTS-PIPELINE/AdventureLog-kupri-main/AdventureLog/frontend/node_modul
es/@sveltejs/adapter-vercel/index.js:692:17)
    at async generate_serverless_function (file:///E:/ACTIVE%20PROJECTS-PIPELIN
E/ACTIVE%20PROJECTS-PIPELINE/AdventureLog-kupri-main/AdventureLog/frontend/node
_modules/@sveltejs/adapter-vercel/index.js:126:5)
    at async adapt (file:///E:/ACTIVE%20PROJECTS-PIPELINE/ACTIVE%20PROJECTS-PIP
ELINE/AdventureLog-kupri-main/AdventureLog/frontend/node_modules/@sveltejs/adap
ter-vercel/index.js:388:5)[39m
